Last login: Sun Sep 18 13:26:32 on ttys000
katrinelaukli@Katrines-MacBook-Air ~ % cd /Users/katrinelaukli/Desktop/myClasses  
katrinelaukli@Katrines-MacBook-Air myClasses % git clone https://github.com/kil2109/sound-synth-tech.git 
Cloning into 'sound-synth-tech'...
remote: Enumerating objects: 3, done.
remote: Counting objects: 100% (3/3), done.
remote: Total 3 (delta 0), reused 0 (delta 0), pack-reused 0
Receiving objects: 100% (3/3), done.
katrinelaukli@Katrines-MacBook-Air myClasses % cd sound-synth-tech 
katrinelaukli@Katrines-MacBook-Air sound-synth-tech % git status
On branch main
Your branch is up to date with 'origin/main'.

Untracked files:
  (use "git add <file>..." to include in what will be committed)
	.DS_Store
	week 1/
	week 2/

nothing added to commit but untracked files present (use "git add" to track)
katrinelaukli@Katrines-MacBook-Air sound-synth-tech % git add .
katrinelaukli@Katrines-MacBook-Air sound-synth-tech % git status
On branch main
Your branch is up to date with 'origin/main'.

Changes to be committed:
  (use "git restore --staged <file>..." to unstage)
	new file:   .DS_Store
	new file:   week 1/.DS_Store
	new file:   week 1/Class1.maxpat
	new file:   week 1/Starter.Patch.v01.maxpat
	new file:   week 1/Terminal Saved Output
	new file:   week 1/_scaffold.v01.stereo.maxpat
	new file:   week 1/kl.sound.in.v01.maxpat
	new file:   week 1/kl.sound.out.v01.stereo.maxpat
	new file:   week 1/kl.starter.patch.v02.maxpat
	new file:   week 1/working.patch.v01.maxpat
	new file:   week 2/01.basic.waveforms.maxpat
	new file:   week 2/02ADSR.maxpat
	new file:   week 2/04.monosynth.variable.note.length.maxpat
	new file:   week 2/05.additive.synth.maxpat
	new file:   week 2/Untitled.txt

Changes not staged for commit:
  (use "git add <file>..." to update what will be committed)
  (use "git restore <file>..." to discard changes in working directory)
	modified:   .DS_Store

katrinelaukli@Katrines-MacBook-Air sound-synth-tech % git commit -m "adding initial files"
[main f80b0d8] adding initial files
 Committer: Katrine Laukli <katrinelaukli@Katrines-MacBook-Air.local>
Your name and email address were configured automatically based
on your username and hostname. Please check that they are accurate.
You can suppress this message by setting them explicitly. Run the
following command and follow the instructions in your editor to edit
your configuration file:

    git config --global --edit

After doing this, you may fix the identity used for this commit with:

    git commit --amend --reset-author

 15 files changed, 7263 insertions(+)
 create mode 100644 .DS_Store
 create mode 100644 week 1/.DS_Store
 create mode 100644 week 1/Class1.maxpat
 create mode 100644 week 1/Starter.Patch.v01.maxpat
 create mode 100644 week 1/Terminal Saved Output
 create mode 100644 week 1/_scaffold.v01.stereo.maxpat
 create mode 100644 week 1/kl.sound.in.v01.maxpat
 create mode 100644 week 1/kl.sound.out.v01.stereo.maxpat
 create mode 100644 week 1/kl.starter.patch.v02.maxpat
 create mode 100644 week 1/working.patch.v01.maxpat
 create mode 100644 week 2/01.basic.waveforms.maxpat
 create mode 100644 week 2/02ADSR.maxpat
 create mode 100644 week 2/04.monosynth.variable.note.length.maxpat
 create mode 100644 week 2/05.additive.synth.maxpat
 create mode 100644 week 2/Untitled.txt
katrinelaukli@Katrines-MacBook-Air sound-synth-tech % git push origin main   
Username for 'https://github.com': kil2109
Password for 'https://kil2109@github.com': 
Enumerating objects: 20, done.
Counting objects: 100% (20/20), done.
Delta compression using up to 8 threads
Compressing objects: 100% (19/19), done.
Writing objects: 100% (19/19), 19.52 KiB | 6.51 MiB/s, done.
Total 19 (delta 11), reused 0 (delta 0), pack-reused 0
remote: Resolving deltas: 100% (11/11), done.
To https://github.com/kil2109/sound-synth-tech.git
   1dd1d3d..f80b0d8  main -> main
katrinelaukli@Katrines-MacBook-Air sound-synth-tech % git status
On branch main
Your branch is up to date with 'origin/main'.

Changes not staged for commit:
  (use "git add <file>..." to update what will be committed)
  (use "git restore <file>..." to discard changes in working directory)
	modified:   .DS_Store

no changes added to commit (use "git add" and/or "git commit -a")
katrinelaukli@Katrines-MacBook-Air sound-synth-tech % git add .
katrinelaukli@Katrines-MacBook-Air sound-synth-tech % git status
On branch main
Your branch is up to date with 'origin/main'.

Changes to be committed:
  (use "git restore --staged <file>..." to unstage)
	modified:   .DS_Store

Changes not staged for commit:
  (use "git add <file>..." to update what will be committed)
  (use "git restore <file>..." to discard changes in working directory)
	modified:   .DS_Store

katrinelaukli@Katrines-MacBook-Air sound-synth-tech % git add .
katrinelaukli@Katrines-MacBook-Air sound-synth-tech % git status 
On branch main
Your branch is up to date with 'origin/main'.

Changes to be committed:
  (use "git restore --staged <file>..." to unstage)
	modified:   .DS_Store

Changes not staged for commit:
  (use "git add <file>..." to update what will be committed)
  (use "git restore <file>..." to discard changes in working directory)
	modified:   .DS_Store

katrinelaukli@Katrines-MacBook-Air sound-synth-tech % git status
On branch main
Your branch is up to date with 'origin/main'.

Changes to be committed:
  (use "git restore --staged <file>..." to unstage)
	modified:   .DS_Store

Changes not staged for commit:
  (use "git add <file>..." to update what will be committed)
  (use "git restore <file>..." to discard changes in working directory)
	modified:   .DS_Store

katrinelaukli@Katrines-MacBook-Air sound-synth-tech % git status
On branch main
Your branch is up to date with 'origin/main'.

Changes to be committed:
  (use "git restore --staged <file>..." to unstage)
	modified:   .DS_Store

Changes not staged for commit:
  (use "git add <file>..." to update what will be committed)
  (use "git restore <file>..." to discard changes in working directory)
	modified:   .DS_Store
	modified:   week 1/kl.sound.in.v01.maxpat

katrinelaukli@Katrines-MacBook-Air sound-synth-tech % git add .
katrinelaukli@Katrines-MacBook-Air sound-synth-tech % git status
On branch main
Your branch is up to date with 'origin/main'.

Changes to be committed:
  (use "git restore --staged <file>..." to unstage)
	modified:   .DS_Store
	modified:   week 1/kl.sound.in.v01.maxpat

Changes not staged for commit:
  (use "git add <file>..." to update what will be committed)
  (use "git restore <file>..." to discard changes in working directory)
	modified:   .DS_Store

katrinelaukli@Katrines-MacBook-Air sound-synth-tech % git commit -m "made changes to v01"
[main 04c0038] made changes to v01
 Committer: Katrine Laukli <katrinelaukli@Katrines-MacBook-Air.local>
Your name and email address were configured automatically based
on your username and hostname. Please check that they are accurate.
You can suppress this message by setting them explicitly. Run the
following command and follow the instructions in your editor to edit
your configuration file:

    git config --global --edit

After doing this, you may fix the identity used for this commit with:

    git commit --amend --reset-author

 2 files changed, 23 insertions(+), 1 deletion(-)
katrinelaukli@Katrines-MacBook-Air sound-synth-tech % git push origin main
Enumerating objects: 9, done.
Counting objects: 100% (9/9), done.
Delta compression using up to 8 threads
Compressing objects: 100% (5/5), done.
Writing objects: 100% (5/5), 620 bytes | 620.00 KiB/s, done.
Total 5 (delta 3), reused 0 (delta 0), pack-reused 0
remote: Resolving deltas: 100% (3/3), completed with 3 local objects.
To https://github.com/kil2109/sound-synth-tech.git
   f80b0d8..04c0038  main -> main
katrinelaukli@Katrines-MacBook-Air sound-synth-tech % 
